// Jest Snapshot v1, https://goo.gl/fbAQLP

exports[`test LoginPage snapshot 1`] = `
<div
  className="flex bg-login bg-cover bg-top-4 h-screen"
>
  <div
    className="mx-auto mt-32 rounded-lg w-60 bg-white shadow-2xl h-80"
  >
    <h2
      className="text-center font-serif text-2xl mt-7"
    >
      LOGIN
    </h2>
    <div
      className="flex justify-center flex-col login-container"
    >
      <div
        className="mx-auto mt-10"
      >
        <ForwardRef(UserOutlined)
          className="m-2"
        />
        <input
          className="w-3/4 mx-auto outline-none border-b-2"
          onChange={[Function]}
          placeholder="Enter your username"
          type="text"
          value=""
        />
      </div>
      <div
        className="mx-auto mt-5"
      >
        <ForwardRef(LockOutlined)
          className="mx-2 my-1"
        />
        <input
          className="w-3/4 mx-auto outline-none border-b-2"
          onChange={[Function]}
          placeholder="Enter your password"
          type="password"
          value=""
        />
      </div>
    </div>
    <button
      className="flex justify-center transform hover:scale-110 duration-300 transition py-1 focus:outline-none rounded-lg mx-auto mt-12 w-1/2 bg-blue-200"
      disabled={false}
      onClick={[Function]}
    >
      Sign In
    </button>
    <span
      className="switch-page-state flex justify-center cursor-pointer text-xs mt-5 text-blue-500"
      onClick={[Function]}
    >
      Not ready? Click here to register
    </span>
  </div>
</div>
`;
